// Jest Snapshot v1, https://goo.gl/fbAQLP

exports[`AppComponent should match snapshot 1`] = `
<div
  id="root0"
>
  
  <div
    clickdetector=""
  >
    <app-navbar>
      App Dialog
    </app-navbar>
    <main
      class="h-[calc(100vh-90px)] overflow-y-auto p-4 lg:p-8"
    >
      <section
        class="max-w-[1200px] mx-auto"
      >
        <router-outlet />
        
        <app-toast>
          App Toast
        </app-toast>
      </section>
    </main>
  </div>
</div>
`;
